
> timemaster@0.1.0 build
> next build

[baseline-browser-mapping] The data in this module is over two months old.  To ensure accurate Baseline data, please update: `npm i baseline-browser-mapping@latest -D`
   ▲ Next.js 16.0.7 (Turbopack)
   - Environments: .env
   - Experiments (use with caution):
     ✓ optimizeCss

   Creating an optimized production build ...
[baseline-browser-mapping] The data in this module is over two months old.  To ensure accurate Baseline data, please update: `npm i baseline-browser-mapping@latest -D`

> Build error occurred
Error: Turbopack build failed with 1 errors:
./src/app/fondogeneral/components/CashOpeningModal.tsx:449:17
Parsing ecmascript source code failed
[0m [90m 447 |[39m                 {differenceLabel([32m"CRC"[39m[33m,[39m diffCRC)}
 [90m 448 |[39m               [33m<[39m[33m/[39m[33mspan[39m[33m>[39m
[31m[1m>[22m[39m[90m 449 |[39m           [33m<[39m[33m/[39m[33mdiv[39m[33m>[39m
 [90m     |[39m                 [31m[1m^[22m[39m
[31m[1m>[22m[39m[90m 450 |[39m         [33m<[39m[33m/[39m[33msection[39m[33m>[39m
 [90m     |[39m [31m[1m^[22m[39m[31m[1m^[22m[39m[31m[1m^[22m[39m[31m[1m^[22m[39m[31m[1m^[22m[39m[31m[1m^[22m[39m[31m[1m^[22m[39m[31m[1m^[22m[39m[31m[1m^[22m[39m
 [90m 451 |[39m
 [90m 452 |[39m         [33m<[39m[33msection[39m className[33m=[39m[32m"flex h-full flex-col rounded-xl border border-[var(--input-border)] bg-gradient-to-b from-white/50 to-transparent p-4 sm:p-5 shadow-sm"[39m[33m>[39m
 [90m 453 |[39m           [33m<[39m[33mdiv[39m className[33m=[39m[32m"mb-3 flex items-center gap-2 text-xs font-bold uppercase tracking-wider text-emerald-600"[39m[33m>[39m[0m

Expected '</', got 'jsx text (
        )'

Import traces:
  Client Component Browser:
    ./src/app/fondogeneral/components/CashOpeningModal.tsx [Client Component Browser]
    ./src/app/fondogeneral/components/FondoSection.tsx [Client Component Browser]
    ./src/app/fondogeneral/page.tsx [Client Component Browser]
    ./src/app/fondogeneral/page.tsx [Server Component]

  Client Component SSR:
    ./src/app/fondogeneral/components/CashOpeningModal.tsx [Client Component SSR]
    ./src/app/fondogeneral/components/FondoSection.tsx [Client Component SSR]
    ./src/app/fondogeneral/page.tsx [Client Component SSR]
    ./src/app/fondogeneral/page.tsx [Server Component]


    at <unknown> (./src/app/fondogeneral/components/CashOpeningModal.tsx:449:17)
